next=player1
player1board=
     
     
     
     
     
player2board=
     
     
     
     
     
